{
 "pubkey": "b6a6bb229bd3c845ae1221fe3a0b20c963ac16dd99949e0e979f01f8864af099e56dcd2e37afe21063f382624e57d183",
 "withdrawal_credentials": "010000000000000000000000c0404ed740a69d11201f5ed297c5732f562c6e4e",
 "amount": 32000000000,
 "signature": "980a8f479f7cc3912d96b5902e956b763cc13d204c3a94ea9df15b0b6d7d470fe276af981688d94846efa4eed0d7b2be11a796d24a84b07a486d927dea4f52862fa57128ee58d3129f14f0c97da98ee7c99aff310b5df5283858361e2ac0286f",
 "deposit_message_root": "4f3acee7f79a295cd13aa20e9884f1f9672ab0a1192ee08f483dd485e7c46925",
 "deposit_data_root": "664b49b474a6959e992875ec8ece7bc53dbce81ac1e7bf92202a1432806c392c",
 "fork_version": "00001020",
 "network_name": "prater"
}