[
 {
  "pubkey": "0x8ee91545183c8c2db86633626f5074fd8ef93c4c9b7a2879ad1768f600c5b5906c3af20d47de42c3b032956fa8db1a76",
  "slot": "16",
  "validator_index": "2",
  "committee_index": "0",
  "committee_length": "16",
  "committees_at_slot": "16",
  "validator_committee_index": "2"
 }
]