{
 "slot": "1",
 "index": "2",
 "beacon_block_root": "0xa8c4c6a0a5659b7dda195037680a0b6200000000000000000000000000000000",
 "source": {
  "epoch": "8567",
  "root": "0xb5705da8db659b993a3cdea7e15ccead00000000000000000000000000000000"
 },
 "target": {
  "epoch": "8568",
  "root": "0xa8c4c6a0a5659b7dda195037680a0b6200000000000000000000000000000000"
 }
}