mutation: {
	parent: "`^\xc6\xdeO\x1a\xe9\x97\xdd5EQ;\x93L3Z\x83?F5ܟ\xadwX1Oy\xff\x0f\xae"
	type: "dv/gen_validators/v0.0.1"
	data: {
		[type.googleapis.com/cluster.manifestpb.v1.ValidatorList]: {
			validators: {
				public_key: "\xac\xffv\xec\x0c\x85>7mI\xa3\x0bo\xb9\xaa\xecS\xd2e\xf5\xd1$\x8d]\xbd\x0f\x07JZS{\n\xc2RL\x88u\xd5\"\xe3-\xb8Dt\xf5$\x97\xbe"
				pub_shares: "\xa3\xfe\xea0\xfa\x15\xc3\x10W\xf8\x85BBcYp(*\xe57!Z>%\r\xad\x08\xd40$RQ\x1c9]\x96H\xbe\xc8w\x14\xb4\xf3\x15uɶZ"
				pub_shares: "\x8cd(\xb3\xf8\"\x08\xb6dj\xde\x1e̚ \xbe(\xf2\xf2h\x1b\x92\x8f\xbb\xfde\xef\xec\xfbB\x81?|\xcc\x1e;ϭ\x9e6\x1c)\xe3?\x12\xf5\x9c\x8a"
				pub_shares: "\xa0\x8cě\xd4\xcbI\x8c1i\xf5,?\xd99\xc1m\x10\xd2\x12\x13\x92\x0c(2j\xda\x1a\x85|c\xec\xed\xf0\xf5\x96\xbe\xd9u\xa8\xbd\t\x90\xd6\xff\xb0s\xb4"
				pub_shares: "\xa3\xf6\xce^\xed\xcex\xb8`|\xb6\xd8\xe3\xf2\xba \xb6t:\xads\xf0(\x10\xd9\xd0z\xc8\x16\x0c\xc1,\xb1\xa5\xf6\x9fhTz\x85\xcao\x08\xb4B\xfa\x0e\xc8"
				fee_recipient_address: "0x4c7215a3b539eb1e5849c6077dbb5722f5717a28"
				withdrawal_address: "0x0b4b373970115e82ed6f4125c8fa7311e4d7defa"
				builder_registration_json: "{\"version\":\"v1\",\"v1\":{\"message\":{\"fee_recipient\":\"0x4c7215a3B539eb1e5849C6077Dbb5722F5717a28\",\"gas_limit\":\"30000000\",\"timestamp\":\"1616508000\",\"pubkey\":\"0xacff76ec0c853e376d49a30b6fb9aaec53d265f5d1248d5dbd0f074a5a537b0ac2524c8875d522e32db84474f52497be\"},\"signature\":\"0x8dde908a5e0e0ceaa9043d0460954c20114feef74c8f7ec2af582993c343aeb58006439ac9591bdb80b124f4eba2b3b70ffdb4460ebed8cc29461b67e08e83bd4075cf770bda7ef4c610602d1cd45b85822386dc13d4af5d24ad7d0ed316a3b4\"}}"
			}
			validators: {
				public_key: "\x87\x9e\xcdt\x84\xe1ճ\xe7\x08\x06\x88\x15\x18$\x8e\"\xc3\x03<Jߙ\xf4\xc3%)2\x19\x1b\x97\xb34(K\x00\xfc\xa1\x91>O\xd3\n\x9b\xb0\x94\xb2\x9b"
				pub_shares: "\xa8\x16\xa7}\xbb\x19\x90!\x00\xff\xb6\xe9\xae\xecI\x90z\x0b\xbb\xe1L\x1d}\xa7_\xfb\xba\x8a\xb9\xc9PT\x15\xab\xaaIA\xaa\xb4\xd3\xe2VO\xcb)\x13\xd5\xd8"
				pub_shares: "\x98\xea\xeb\xe6\xe1\xf2K\xb7W#5]\xf5\xc37\xcd\x15B\x13\x13\x11\x02\xe5\x9c\x17\x82ʞu\xf2\xb7\xa3\x15\xd8\xecg\x84\xfd(\x98\xe0\xb0\xf1L\xfb\xc3U\xf6"
				pub_shares: "\xb7*4\xd83\x9f&\xdbϦ\x80\xca\xcd\x05\x9b(Kq\x9aFV\x1c\xaa\xd8J\n\xa9\x14r\x13\x9e\xa9\x98`\xe06\xa5\x88\xe3\xf9\xd7\xd8\x1d4\xd1\x1b\x18\x08"
				pub_shares: "\x80\xf1\x8a7\xae\x95\x1b\xc6e\x8b#\xb7B\x0eh\x97*Pq\xdf^\x08\xe3a\xe4ÿ/˿\xa5\xadtͪ<Lf]\x19\xc3\xfbp5\x1f4:\xdb"
				fee_recipient_address: "0x24abf7df866baa56038367ad6145de1ee8f4a8b0"
				withdrawal_address: "0xb04883e56a156a8de563afa467d49dec6a40e9a1"
				builder_registration_json: "{\"version\":\"v1\",\"v1\":{\"message\":{\"fee_recipient\":\"0x24abF7dF866Baa56038367ad6145De1Ee8f4a8B0\",\"gas_limit\":\"30000000\",\"timestamp\":\"1616508000\",\"pubkey\":\"0x879ecd7484e1d5b3e70806881518248e22c3033c4adf99f4c3252932191b97b334284b00fca1913e4fd30a9bb094b29b\"},\"signature\":\"0x8a5bc9c5b71ede0457a6d9b019992e51c33aa785378ff709b327c625b519eecd313aca77291261df8b552d8751ecb27605a9e7d6ea4413e1e7fda4e8949c3ed1833aba7de26a4a06cd15f51d57669f24395a1ce6832d768d796de268921bc6d2\"}}"
			}
		}
	}
}
