00:00 [31mERRO[0m test: wrap sentinel: test               
	app/log/log_test.go:128 .func1
	app/log/log_test.go:149 .func1
