ts=00:00 level=info caller=log/log_test.go:104 msg=expect pretty="\u001b[34mINFO\u001b[0m expect                                  \n"
