00:01:00.000 [34mINFO[0m [32m          [0m info1                                    {"1": 1}
00:02:00.000 [33mWARN[0m [32m          [0m warn2: EOF                               {"2": 2}
	app/log/log_test.go:152 .TestInstance
