00:00 [31mERRO[0m err1: EOF                               
	app/log/log_test.go:78 .func1
	app/log/log_test.go:149 .func1
00:00 [31mERRO[0m err2: wrap: EOF                         
	app/log/log_test.go:75 .func1
	app/log/log_test.go:149 .func1
