00:00 [31mERRO[0m err1: first {"1": 1, "caller": "log_test.go:61"}
	app/log/log_test.go:56 .TestErrorWrap
00:00 [31mERRO[0m err2: second: first {"2": 2, "1": 1, "caller": "log_test.go:62"}
	app/log/log_test.go:56 .TestErrorWrap
00:00 [31mERRO[0m err3: third: second: first {"3": 3, "2": 2, "1": 1, "caller": "log_test.go:63"}
	app/log/log_test.go:56 .TestErrorWrap
