00:00 [34mINFO[0m expect1
00:00 [34mINFO[0m expect2
00:00 [34mINFO[0m expect3
00:00 [34mINFO[0m expect4
