[
 "cluster-lock.json",
 "deposit-data.json",
 "node0",
 "node1",
 "node2",
 "node3",
 "run_cluster.sh",
 "teamocil.yml",
 "node0/keystore-0.json",
 "node0/keystore-0.txt",
 "node0/p2pkey",
 "node0/run.sh",
 "node1/keystore-0.json",
 "node1/keystore-0.txt",
 "node1/p2pkey",
 "node1/run.sh",
 "node2/keystore-0.json",
 "node2/keystore-0.txt",
 "node2/p2pkey",
 "node2/run.sh",
 "node3/keystore-0.json",
 "node3/keystore-0.txt",
 "node3/p2pkey",
 "node3/run.sh"
]