{
  "version": 5,
  "validator_index": null,
  "attestation": {
    "aggregation_bits": "0x0272908d45b01601",
    "data": {
      "slot": "3748136313440833973",
      "index": "10527063875261316388",
      "beacon_block_root": "0x5f6c6bb64a52fa1a95e2bdff2aea5190ce067ad5d23f96d5ce92f83e0212d307",
      "source": {
        "epoch": "11487309897857773744",
        "root": "0x49b01b83b78e64fc147e5086ae7c1ac5bbb6496af67041b0d88158d69078e3e2"
      },
      "target": {
        "epoch": "2405710843726920900",
        "root": "0x141c7cfe1c0ef0c2f60c29616c2f6b3a805e91ebdedc8fef611e1d079aa67a62"
      }
    },
    "signature": "0x6910c8ea580e905fda113b925adfac8d80ebb68deac0c0d6cb9aa138c60f34218fefbffdf6e04b99c493c785f588d20e8521bdc94684152c509ad47e009399b5de04763e89ef5dd57558ad80535cb99835d61d2c5add5afb4d30b84e5bbd988c",
    "committee_bits": "0xff00000000000000"
  }
}