{
  "aggregator_index": "11154013587666973726",
  "contribution": {
    "slot": "12258969221770119542",
    "beacon_block_root": "0x72908d45b0164a1ed1fe5f6c6bb64a52fa1a95e2bdff2aea5190ce067ad5d23f",
    "subcommittee_index": "17011813522188868758",
    "aggregation_bits": "0xffff0000000000000000000000000000",
    "signature": "0xf23b572665b0e60f46fd4ffbf4ebe0530c03f2ecd45fac9d4aef1d6a649ec7799f34798eb91ff4c4fe748e21819c51945e7ed3df1fb0b5a4e0e895804813d1f4a80680595fb94b57636910c8ea580e905fda113b925adfac8d80ebb68deac0c0"
  },
  "selection_proof": "0x5ca94d509daa426fe2a33e1b669111cc4ff4fcc5071606dc666e998b5982ab0f52cf75924a308bcb99683bccc2813229bf922aaf112694262a4c953678a238749d8e791fa82ad773e2bb97fb7e48b3fbbf085d511d62e526d7dada713df407b4"
}