{
  "slot": "11154013587666973726",
  "beacon_block_root": "0x0272908d45b0164a1ed1fe5f6c6bb64a52fa1a95e2bdff2aea5190ce067ad5d2",
  "subcommittee_index": "12592734186388528447",
  "aggregation_bits": "0xffff0000000000000000000000000000",
  "signature": "0xf23b572665b0e60f46fd4ffbf4ebe0530c03f2ecd45fac9d4aef1d6a649ec7799f34798eb91ff4c4fe748e21819c51945e7ed3df1fb0b5a4e0e895804813d1f4a80680595fb94b57636910c8ea580e905fda113b925adfac8d80ebb68deac0c0"
}