{
  "message": {
    "epoch": "17349330445822630798",
    "validator_index": "8074401586156473090"
  },
  "signature": "0x58485fe3352bc5b52456f0eff11f99ef25258727c8b2922e22f5563d39490544d0ec4c0e68f23b572665b0e60f46fd4ffbf4ebe0530c03f2ecd45fac9d4aef1d6a649ec7799f34798eb91ff4c4fe748e21819c51945e7ed3df1fb0b5a4e0e895"
}