{
 "Date": "1970-01-01",
 "RangeText": "606e9bc^..eff988a",
 "RangeLink": "https://github.com/obolnetwork/charon/compare/606e9bc^..eff988a",
 "Categories": [
  {
   "Name": "feature",
   "Label": "Feature",
   "Issues": [
    {
     "Category": "feature",
     "Title": "Issue#220",
     "Number": 220,
     "Label": "#220",
     "PRs": [
      {
       "Label": "#249"
      }
     ]
    }
   ]
  },
  {
   "Name": "test",
   "Label": "Test",
   "Issues": [
    {
     "Category": "test",
     "Title": "Issue#271",
     "Number": 271,
     "Label": "#271",
     "PRs": [
      {
       "Label": "#273"
      }
     ]
    },
    {
     "Category": "test",
     "Title": "Issue#268",
     "Number": 268,
     "Label": "#268",
     "PRs": [
      {
       "Label": "#271"
      }
     ]
    }
   ]
  },
  {
   "Name": "misc",
   "Label": "Misc",
   "Issues": [
    {
     "Category": "misc",
     "Title": "Issue#251",
     "Number": 251,
     "Label": "#251",
     "PRs": [
      {
       "Label": "#265"
      },
      {
       "Label": "#264"
      },
      {
       "Label": "#263"
      },
      {
       "Label": "#260"
      },
      {
       "Label": "#259"
      },
      {
       "Label": "#258"
      }
     ]
    }
   ]
  }
 ]
}