[
 {
  "message": {
   "aggregator_index": "2",
   "aggregate": {
    "aggregation_bits": "0x01",
    "data": {
     "slot": "16",
     "index": "0",
     "beacon_block_root": "0x1000000000000000000000000000000000000000000000000000000000000000",
     "source": {
      "epoch": "0",
      "root": "0x0000000000000000000000000000000000000000000000000000000000000000"
     },
     "target": {
      "epoch": "1",
      "root": "0x0100000000000000000000000000000000000000000000000000000000000000"
     }
    },
    "signature": "0x000000000000000000000000000000000000000000000000000000000000000000000000000000000000000000000000000000000000000000000000000000000000000000000000000000000000000000000000000000000000000000000000"
   },
   "selection_proof": "0x8dae41352b69f2b3a1c0b05330c1bf65f03730c520273028864b11fcb94d8ce8f26d64f979a0ee3025467f45fd2241ea000000000000000000000000000000000000000000000000000000000000000000000000000000000000000000000000"
  },
  "signature": "0x8dae41352b69f2b3a1c0b05330c1bf65f03730c520273028864b11fcb94d8ce8f26d64f979a0ee3025467f45fd2241ea000000000000000000000000000000000000000000000000000000000000000000000000000000000000000000000000"
 }
]