{
 "mutation": {
  "parent": "0x255aa5b7d44bec40f84c892b9bffd43629b0223beea5f4f74391f445d15afd42",
  "type": "dv/node_approvals/v0.0.1",
  "timestamp": "2021-01-01T00:04:00Z",
  "data": [
   {
    "mutation": {
     "parent": "0x255aa5b7d44bec40f84c892b9bffd43629b0223beea5f4f74391f445d15afd42",
     "type": "dv/node_approval/v0.0.1",
     "timestamp": "2021-01-01T00:00:00Z",
     "data": {}
    },
    "signer": "0x024d4b6cd1361032ca9bd2aeb9d900aa4d45d9ead80ac9423374c451a7254d0766",
    "signature": "0xc3ee1f2895bdf100d70ee537473f93b70e4ccd5ca8892b41908a47d75fc953e94038ec7bbf309d79a6665aa37822d40b41ecd312b6e3f3d9c1b31ec1564ffbcb"
   },
   {
    "mutation": {
     "parent": "0x255aa5b7d44bec40f84c892b9bffd43629b0223beea5f4f74391f445d15afd42",
     "type": "dv/node_approval/v0.0.1",
     "timestamp": "2021-01-01T00:01:00Z",
     "data": {}
    },
    "signer": "0x02531fe6068134503d2723133227c867ac8fa6c83c537e9a44c3c5bdbdcb1fe337",
    "signature": "0x98e13d862ac5012af74a133213993df0606e47d18065cf4b9630df45fd7ca46561bb81b5285e22090b8cf6643bd05c45058cfd864e6f3ad2c519be70b4ab74a3"
   },
   {
    "mutation": {
     "parent": "0x255aa5b7d44bec40f84c892b9bffd43629b0223beea5f4f74391f445d15afd42",
     "type": "dv/node_approval/v0.0.1",
     "timestamp": "2021-01-01T00:02:00Z",
     "data": {}
    },
    "signer": "0x03462779ad4aad39514614751a71085f2f10e1c7a593e4e030efb5b8721ce55b0b",
    "signature": "0x33a8c0baf92e5b6f8b9d2cbd0bcb67a2fa4f348c1fca450eb11a5da006e89e034e5090cc5e00709cdf8a7744d40d5b08a4fc57a39018ffe27d28e94cc0cfd0cb"
   },
   {
    "mutation": {
     "parent": "0x255aa5b7d44bec40f84c892b9bffd43629b0223beea5f4f74391f445d15afd42",
     "type": "dv/node_approval/v0.0.1",
     "timestamp": "2021-01-01T00:03:00Z",
     "data": {}
    },
    "signer": "0x0362c0a046dacce86ddd0343c6d3c7c79c2208ba0d9c9cf24a6d046d21d21f90f7",
    "signature": "0xc7099453a64a54247e140b85fc35becbd51c7d53093ac0152b5a125bfc5c576460bff9553406130d2262a5f211a0cc70b5c0320110c77a442b5c50b02f550fbf"
   }
  ]
 }
}