{
 "mutation": {
  "parent": "0x605ec6de4f1ae997dd3545513b934c335a833f4635dc9fad7758314f79ff0fae",
  "type": "dv/gen_validators/v0.0.1",
  "timestamp": "2021-01-01T00:00:00Z",
  "data": [
   {
    "public_key": "0x87cb883e14036c3e7aef5f3645fb1e0e6371b17db58cb62319ac948aac95e65d35053a29f0a7954c2ce60efe24509eca",
    "public_shares": [
     "0xb80fa13068e83b878a719849c02464cf8b8702fb655ef05d770b727982b870c346ad93d832191eb41b4ef46c3c852d86",
     "0xb2d67c7bc9f7db8439d08f82a629f2935c3d46f14b7384114eaecd4fc8773c76de45948fbad6ae94e4bbf8c4d3d4fb71",
     "0xa0f84b378446e8f40208dcf9d92f7266e914fe7fa53808871c4b97852e0e364f9f92ca3d454fba705222cb4a68a6ec0c"
    ],
    "fee_recipient_address": "0x52fdfc072182654f163f5f0f9a621d729566c74d",
    "withdrawal_address": "0x81855ad8681d0d86d1e91e00167939cb6694d2c4",
    "builder_registration": {
     "message": {
      "fee_recipient": "0x52fdfc072182654f163f5f0f9a621d729566c74d",
      "gas_limit": 30000000,
      "timestamp": "2000-01-01T00:00:00Z",
      "pubkey": "0x87cb883e14036c3e7aef5f3645fb1e0e6371b17db58cb62319ac948aac95e65d35053a29f0a7954c2ce60efe24509eca"
     },
     "signature": "0xa01a56be77aad57797a2548a33ac151523d5298c4669bdf1fe7fcf6686e17acf2afb58daa9d50f8c471c26f39793002d0bc543a1149c3bdbe9df91932f601a60d770aab325893b6cbb9e44d67a1a0dd5b40df993fbd5ef66a6c02b20dc971888"
    }
   },
   {
    "public_key": "0x90246f421c9f2bd373de0db548dd98ad702828fe0dde3b2475e17a0b5c18fb337d0d1c9d3dc5368eed185941fcd3f4cd",
    "public_shares": [
     "0x98be8614c8d3b34f8d520db28127c93ede806240d858cf94496d4f11ea02631620b12a6b5105741d7d5c20ba2201761c",
     "0xadfd5158ed2373338307832da18e15d5f7e55f067679dabece51ab804ba0b5353d70bb45e15c121df4ac1d8026c153b0",
     "0xa713a33f3f59215fe5b9af114b430b73e6fbed25402a831472dc8b483025d06b732cf1e438753624ff4409bd1de1251c"
    ],
    "fee_recipient_address": "0xeb9d18a44784045d87f3c67cf22746e995af5a25",
    "withdrawal_address": "0x5fb90badb37c5821b6d95526a41a9504680b4e7c",
    "builder_registration": {
     "message": {
      "fee_recipient": "0xeb9d18a44784045d87f3c67cf22746e995af5a25",
      "gas_limit": 30000000,
      "timestamp": "2000-01-01T00:00:00Z",
      "pubkey": "0x90246f421c9f2bd373de0db548dd98ad702828fe0dde3b2475e17a0b5c18fb337d0d1c9d3dc5368eed185941fcd3f4cd"
     },
     "signature": "0x92c09118ef794c21539957298d4b0e9065b77bf05765fb57f232955591a9f97426d6e470cb99b986723da0225e46812602847717aab73cb1fd261e4b665247f294f273352d613ad992a789f441621576b977fc999783f59ed667b166e6d5e916"
    }
   }
  ]
 }
}