version: "3.8"

x-node-base: &node-base
  image: ghcr.io/obolnetwork/charon:latest
  entrypoint: /usr/local/bin/charon
  command: [create,dkg]
  networks: [compose]
  volumes: [testdir:/compose]
  

services:
  
  node0:
    <<: *node-base
    environment:
      CHARON_NAME: compose
      CHARON_NUM_VALIDATORS: 1
      CHARON_OPERATOR_ENRS: enr:-HW4QNAMSM5FPx5WZW0hkbRSb-3Z183oGXVQ5QkGgPQNZR4EMiPfm2AwFU0oqg5AVofOj8oiC4fXck8uh7qeSCTowYaAgmlkgnY0iXNlY3AyNTZrMaEDjVBcNR9IN87HK85vQlT15Lw_LJpIFoQdtkMZ7ui3FO8=,enr:-HW4QEqIaeBocIesGEFQahPbvndh1TW0mAq_4Vfb314DrruscRRLGjrdXp9BBHEIhaMHEs7fLSGswpcc40tTImIyp1aAgmlkgnY0iXNlY3AyNTZrMaEDpTYjCRIUwZShFyMajGN0G-ibaFgjoziLBl8mwb-wIL8=,enr:-HW4QBgqWBD1asAUQ5p8F4me-kLrgHr54Fw5a4HfT_Kxc2z_Vdf9-Cug93y93O71ONgMrbBhEAyasFLQja286gGWx32AgmlkgnY0iXNlY3AyNTZrMaEDLwHWKvO9g7zrBWtSxGMP6H8w7LXxGeXfDi8JhcBFjJg=,enr:-HW4QD1y9dM1rNV211X4tiAg6ja0RtY73MMnRZ1PCvFdOBTYSjqp2ibUpxqk5UP-MYxTPpWFhcTGi4rXrsERpgQ7X3aAgmlkgnY0iXNlY3AyNTZrMaEDfOxRvoW_spui4vJ3_3w2d8RI3__zDku-eamXPV9so3I=
      CHARON_THRESHOLD: 3
      CHARON_WITHDRAWAL_ADDRESS: 0x000000000000000000000000000000000000dead
      CHARON_DKG_ALGORITHM: frost
      CHARON_OUTPUT_DIR: /compose
    
  
  
networks:
  compose:
