version: obol/charon/compose/1.0.0
num_nodes: 4
threshold: 3
num_validators: 1
image_tag: latest
validator_clients:
- teku
- lighthouse
- mock
key_gen: create
beacon_node: mock
step: defined
