{
 "ComposeDir": "testdir",
 "CharonImageTag": "latest",
 "CharonEntrypoint": "echo",
 "CharonCommand": "No charon commands needed for keygen=create define step",
 "Nodes": [
  {
   "ImageTag": "",
   "Entrypoint": "",
   "EnvVars": null,
   "Ports": null
  }
 ],
 "VCs": null,
 "Bootnode": false,
 "Monitoring": false,
 "MonitoringPorts": false,
 "Loki": false
}